uses:
  get:
    js: lodash.get
  path:
    js: "@dogmalang/path"
  helpers:
    js: "@akromio/expected-helpers"
